TCCs summary for theory gcd_rem

	gcd_rem_TCC1....................................................✅ proved              (0.486 s)
	gcd_rem_TCC2....................................................✅ proved              (0.428 s)
	gcd_rem_TCC3....................................................✅ proved              (0.458 s)
	gcd_rem_TCC4....................................................✅ proved              (0.426 s)
	gcd_rem_TCC5....................................................✅ proved              (0.575 s)
	gcd_rem_TCC6....................................................✅ proved              (0.707 s)
	gcd_rem_TCC7....................................................✅ proved              (0.416 s)
	gcd_rem_TCC8....................................................✅ proved              (0.441 s)
	gcd_rem_TCC9....................................................✅ proved              (0.433 s)
	gcd_rem_TCC10...................................................✅ proved              (0.561 s)
	gcd_rem_TCC11...................................................✅ proved              (0.696 s)
	gcd_rem_commutes_TCC1...........................................✅ proved              (0.33 s)
	linear_comb_TCC1................................................✅ proved              (0.316 s)
	linear_comb_TCC2................................................✅ proved              (0.403 s)
	linear_comb_TCC3................................................✅ proved              (0.618 s)
	linear_comb_TCC4................................................✅ proved              (0.504 s)
	linear_comb_TCC5................................................✅ proved              (0.341 s)
	linear_comb_TCC6................................................✅ proved              (0.628 s)
	linear_comb_TCC7................................................✅ proved              (0.417 s)
	linear_comb_TCC8................................................✅ proved              (0.463 s)
	linear_comb_TCC9................................................✅ proved              (0.49 s)
	linear_comb_TCC10...............................................✅ proved              (0.988 s)
	linear_comb_TCC11...............................................✅ proved              (0.336 s)
	linear_comb_TCC12...............................................✅ proved              (0.436 s)
	linear_comb_TCC13...............................................✅ proved              (0.389 s)
	linear_comb_TCC14...............................................✅ proved              (0.449 s)
	linear_comb_TCC15...............................................✅ proved              (0.479 s)
	linear_comb_TCC16...............................................✅ proved              (0.746 s)
	linear_comb_TCC17...............................................✅ proved              (0.334 s)
	linear_comb_TCC18...............................................✅ proved              (0.807 s)
	p_TCC1..........................................................✅ proved              (0.336 s)
	p_TCC2..........................................................✅ proved              (0.384 s)
	p_TCC3..........................................................✅ proved              (0.356 s)
	p_TCC4..........................................................✅ proved              (0.431 s)
	p_TCC5..........................................................✅ proved              (0.401 s)
	p_TCC6..........................................................✅ proved              (0.365 s)
	lc_factor_TCC1..................................................✅ proved              (0.319 s)
	lc_factor_TCC2..................................................✅ proved              (0.444 s)
	lc_factor_TCC3..................................................✅ proved              (0.453 s)
	lc_factor_TCC4..................................................✅ proved              (0.449 s)
	lc_factor_TCC5..................................................✅ proved              (0.322 s)
	lc_factor_TCC6..................................................✅ proved              (0.475 s)
	lc_factor_TCC7..................................................✅ proved              (0.49 s)
	lc_factor_TCC8..................................................✅ proved              (0.598 s)
	lc_factor_min_TCC1..............................................✅ proved              (0.598 s)
	lc_factor_min_TCC2..............................................✅ proved              (0.655 s)
	lc_factor_min_TCC3..............................................❗ unfinished          (0.519 s)
	lc_factor_min_TCC4..............................................❗ unfinished          (0.605 s)
	lc_factor_min_TCC5..............................................❗ unfinished          (0.601 s)
	lc_factor_min_TCC6..............................................❗ unfinished          (0.816 s)

Theory gcd_rem totals: 50 formulas, 50 attempted, 46 succeeded (24.718 s)